{
	"path": "notebooks/accumulo/accumulo_basic_notebook.ipynb",
	"outputs": [
		[],
		[],
		[],
		[]
	]
}