{
	"path": "notebooks/hbase/hbase_basic_notebook.ipynb",
	"outputs": [
		[],
		[],
		[],
		[],
		[],
		[],
		[],
		[],
		[]
	]
}